[00:17:13 DBG] Recyclarr Version: 8.3.2+Branch.master.Sha.fc0c22a607bee044f242f84adf25ca1c284126a5
[00:17:13 DBG] App Data Dir: /config
[00:17:13 INF] Initializing provider: official (type: trash-guides)
[00:17:13 DBG] Using URL: https://github.com/TRaSH-Guides/Guides.git, Refs: ["master","main"]
[00:17:13 DBG] Executing git command with args: ["status"]
[00:17:13 DBG] Command Output: On branch master
nothing to commit, working tree clean
[00:17:13 DBG] Attempting to fetch reference: master
[00:17:13 DBG] Executing git command with args: ["fetch","--depth","1","https://github.com/TRaSH-Guides/Guides.git","master"]
[00:17:13 DBG] Command Output: 
[00:17:13 DBG] Successfully fetched reference: master
[00:17:13 DBG] Executing git command with args: ["reset","--hard","FETCH_HEAD"]
[00:17:13 DBG] Command Output: HEAD is now at ef6e5ea feat(radarr): Add RlsGrp `RBB` to `LQ` due to cam and microsized releases (#2779)
[00:17:13 DBG] MapResourcePaths called for provider official at /config/resources/trash-guides/git/official
[00:17:13 DBG] Provider official: GlobJsonFiles received 1 paths
[00:17:13 DBG] Provider official: Checking docs/json/radarr/cf (Exists: True)
[00:17:13 DBG] Provider official: Found 240 files in docs/json/radarr/cf
[00:17:13 DBG] Provider official: GlobJsonFiles received 1 paths
[00:17:13 DBG] Provider official: Checking docs/json/radarr/quality-size (Exists: True)
[00:17:13 DBG] Provider official: Found 4 files in docs/json/radarr/quality-size
[00:17:13 DBG] Provider official: GlobJsonFiles received 1 paths
[00:17:13 DBG] Provider official: Checking docs/json/radarr/naming (Exists: True)
[00:17:13 DBG] Provider official: Found 1 files in docs/json/radarr/naming
[00:17:13 DBG] Provider official: GlobJsonFiles received 1 paths
[00:17:13 DBG] Provider official: Checking docs/json/sonarr/cf (Exists: True)
[00:17:13 DBG] Provider official: Found 235 files in docs/json/sonarr/cf
[00:17:13 DBG] Provider official: GlobJsonFiles received 1 paths
[00:17:13 DBG] Provider official: Checking docs/json/sonarr/quality-size (Exists: True)
[00:17:13 DBG] Provider official: Found 2 files in docs/json/sonarr/quality-size
[00:17:13 DBG] Provider official: GlobJsonFiles received 1 paths
[00:17:13 DBG] Provider official: Checking docs/json/sonarr/naming (Exists: True)
[00:17:13 DBG] Provider official: Found 1 files in docs/json/sonarr/naming
[00:17:13 DBG] Provider official: GlobJsonFiles received 1 paths
[00:17:13 DBG] Provider official: Checking docs/json/radarr/cf-groups (Exists: True)
[00:17:13 DBG] Provider official: Found 40 files in docs/json/radarr/cf-groups
[00:17:13 DBG] Provider official: GlobJsonFiles received 1 paths
[00:17:13 DBG] Provider official: Checking docs/json/sonarr/cf-groups (Exists: True)
[00:17:13 DBG] Provider official: Found 38 files in docs/json/sonarr/cf-groups
[00:17:13 DBG] Provider official: GlobJsonFiles received 1 paths
[00:17:13 DBG] Provider official: Checking docs/json/radarr/quality-profiles (Exists: True)
[00:17:13 DBG] Provider official: Found 36 files in docs/json/radarr/quality-profiles
[00:17:13 DBG] Provider official: GlobJsonFiles received 1 paths
[00:17:13 DBG] Provider official: Checking docs/json/sonarr/quality-profiles (Exists: True)
[00:17:13 DBG] Provider official: Found 19 files in docs/json/sonarr/quality-profiles
[00:17:13 INF] Initializing provider: official (type: config-templates)
[00:17:13 DBG] Using URL: https://github.com/recyclarr/config-templates.git, Refs: ["v8","master","main"]
[00:17:13 DBG] Executing git command with args: ["status"]
[00:17:13 DBG] Command Output: On branch master
nothing to commit, working tree clean
[00:17:13 DBG] Attempting to fetch reference: v8
[00:17:13 DBG] Executing git command with args: ["fetch","--depth","1","https://github.com/recyclarr/config-templates.git","v8"]
[00:17:14 DBG] Command Output: 
[00:17:14 DBG] Successfully fetched reference: v8
[00:17:14 DBG] Executing git command with args: ["reset","--hard","FETCH_HEAD"]
[00:17:14 DBG] Command Output: HEAD is now at bb642fe chore: remove repo-local mise.toml
[00:17:14 DBG] Loading config file: /config/recyclarr.yml
[00:17:14 DBG] CfGroup: Querying Radarr CF groups
[00:17:14 DBG] CfGroup: Found 40 CF group files in registry
[00:17:14 DBG] CfGroup: Retrieved 40 Radarr CF groups
[00:17:14 DBG] QualityProfile: Querying Radarr quality profiles
[00:17:14 DBG] QualityProfile: Found 36 quality profile files in registry
[00:17:14 DBG] QualityProfile: Retrieved 36 Radarr quality profiles
[00:17:14 INF] uhd-bluray-web: Processing Radarr server uhd-bluray-web
[00:17:14 DBG] uhd-bluray-web: HTTP Request: GET http://REDACTED:7878/api/v3/system/status
[00:17:14 DBG] uhd-bluray-web: HTTP Response: 200 GET http://REDACTED:7878/api/v3/system/status
[00:17:14 DBG] uhd-bluray-web: Radarr Version: 6.2.1.10461
[00:17:14 DBG] uhd-bluray-web: Running plan component: CustomFormatPlanComponent
[00:17:14 DBG] uhd-bluray-web: CustomFormat: Querying Radarr custom formats
[00:17:14 DBG] uhd-bluray-web: CustomFormat: Found 240 CF files in registry
[00:17:14 DBG] uhd-bluray-web: CustomFormat: Retrieved 240 Radarr custom formats
[00:17:14 DBG] uhd-bluray-web: QualityProfile: Querying Radarr quality profiles
[00:17:14 DBG] uhd-bluray-web: QualityProfile: Found 36 quality profile files in registry
[00:17:14 DBG] uhd-bluray-web: QualityProfile: Retrieved 36 Radarr quality profiles
[00:17:14 DBG] uhd-bluray-web: CfGroup: Querying Radarr CF groups
[00:17:14 DBG] uhd-bluray-web: CfGroup: Found 40 CF group files in registry
[00:17:14 DBG] uhd-bluray-web: CfGroup: Retrieved 40 Radarr CF groups
[00:17:14 DBG] uhd-bluray-web: Auto-syncing default CF group [Audio] Audio Formats for profiles: UHD Bluray + WEB
[00:17:14 DBG] uhd-bluray-web: Auto-syncing default CF group [HDR Formats] HDR for profiles: UHD Bluray + WEB
[00:17:14 DBG] uhd-bluray-web: Auto-syncing default CF group [Optional] Golden Rule UHD for profiles: UHD Bluray + WEB
[00:17:14 DBG] uhd-bluray-web: Auto-syncing default CF group [Streaming Services] General for profiles: UHD Bluray + WEB
[00:17:14 DBG] uhd-bluray-web: Auto-syncing default CF group [Unwanted] Unwanted Formats for profiles: UHD Bluray + WEB
[00:17:14 DBG] uhd-bluray-web: Running plan component: QualityProfilePlanComponent
[00:17:14 DBG] uhd-bluray-web: Planning quality profiles for Radarr uhd-bluray-web: 1 profiles
[00:17:14 DBG] uhd-bluray-web:   Profile : TrashId=64fb5f9858489bdac2af690e27c8f42f, MinUpgradeFormatScore=null
[00:17:14 DBG] uhd-bluray-web: QualityProfile: Querying Radarr quality profiles
[00:17:14 DBG] uhd-bluray-web: QualityProfile: Found 36 quality profile files in registry
[00:17:14 DBG] uhd-bluray-web: QualityProfile: Retrieved 36 Radarr quality profiles
[00:17:14 DBG] uhd-bluray-web: Running plan component: QualitySizePlanComponent
[00:17:14 DBG] uhd-bluray-web: QualitySize: Querying Radarr quality sizes
[00:17:14 DBG] uhd-bluray-web: QualitySize: Found 4 quality size files in registry
[00:17:14 DBG] uhd-bluray-web: QualitySize: Retrieved 4 Radarr quality size definitions
[00:17:14 DBG] uhd-bluray-web: Running plan component: MediaNamingPlanComponent
[00:17:14 DBG] uhd-bluray-web: MediaNaming: Querying Radarr naming conventions
[00:17:14 DBG] uhd-bluray-web: MediaNaming: Found 1 naming files in registry
[00:17:14 DBG] uhd-bluray-web: MediaNaming: Retrieved 17 file formats, 7 folder formats
[00:17:14 DBG] uhd-bluray-web: Running plan component: MediaManagementPlanComponent
[00:17:14 DBG] uhd-bluray-web: Pipeline execution order: CustomFormat -> QualitySize -> MediaNaming -> MediaManagement -> QualityProfile
[00:17:14 DBG] uhd-bluray-web: Executing Pipeline: Custom Format
[00:17:14 DBG] uhd-bluray-web: Loading Custom Format State from path: /config/state/radarr/7de96ad84fa57af3/custom-format-mappings.json
[00:17:14 DBG] uhd-bluray-web: HTTP Request: GET http://REDACTED:7878/api/v3/customformat
[00:17:14 DBG] uhd-bluray-web: HTTP Response: 200 GET http://REDACTED:7878/api/v3/customformat
[00:17:14 DBG] uhd-bluray-web: Process transaction for guide CF 4d74ac4c4db0b64bff6ce0cffef99bf0 (UHD Bluray Tier 01)
[00:17:14 DBG] uhd-bluray-web: Process transaction for guide CF a58f517a70193f8e578056642178419d (UHD Bluray Tier 02)
[00:17:14 DBG] uhd-bluray-web: Process transaction for guide CF e71939fae578037e7aed3ee219bbe7c1 (UHD Bluray Tier 03)
[00:17:14 DBG] uhd-bluray-web: Process transaction for guide CF c20f169ef63c5f40c2def54abaf4438e (WEB Tier 01)
[00:17:14 DBG] uhd-bluray-web: Process transaction for guide CF 403816d65392c79236dcb6dd591aeda4 (WEB Tier 02)
[00:17:14 DBG] uhd-bluray-web: Process transaction for guide CF af94e0fe497124d1f9ce732069ec8c3b (WEB Tier 03)
[00:17:14 DBG] uhd-bluray-web: Process transaction for guide CF e7718d7a3ce595f289bfee26adc178f5 (Repack/Proper)
[00:17:14 DBG] uhd-bluray-web: Process transaction for guide CF ae43b294509409a6a13919dedd4764c4 (Repack2)
[00:17:14 DBG] uhd-bluray-web: Process transaction for guide CF 5caaaa1c08c1742aa4342d8c4cc463f2 (Repack3)
[00:17:14 DBG] uhd-bluray-web: Process transaction for guide CF 496f355514737f7d83bf7aa4d24f8169 (TrueHD ATMOS)
[00:17:14 DBG] uhd-bluray-web: Process transaction for guide CF 2f22d89048b01681dde8afe203bf2e95 (DTS X)
[00:17:14 DBG] uhd-bluray-web: Process transaction for guide CF 417804f7f2c4308c1f4c5d380d4c4475 (ATMOS (undefined))
[00:17:14 DBG] uhd-bluray-web: Process transaction for guide CF 1af239278386be2919e1bcee0bde047e (DD+ ATMOS)
[00:17:14 DBG] uhd-bluray-web: Process transaction for guide CF 3cafb66171b47f226146a0770576870f (TrueHD)
[00:17:14 DBG] uhd-bluray-web: Process transaction for guide CF dcf3ec6938fa32445f590a4da84256cd (DTS-HD MA)
[00:17:14 DBG] uhd-bluray-web: Process transaction for guide CF a570d4a0e56a2874b64e5bfa55202a1b (FLAC)
[00:17:14 DBG] uhd-bluray-web: Process transaction for guide CF e7c2fcae07cbada050a0af3357491d7b (PCM)
[00:17:14 DBG] uhd-bluray-web: Process transaction for guide CF 8e109e50e0a0b83a5098b056e13bf6db (DTS-HD HRA)
[00:17:14 DBG] uhd-bluray-web: Process transaction for guide CF 185f1dd7264c4562b9022d963ac37424 (DD+)
[00:17:14 DBG] uhd-bluray-web: Process transaction for guide CF f9f847ac70a0af62ea4a08280b859636 (DTS-ES)
[00:17:14 DBG] uhd-bluray-web: Process transaction for guide CF 1c1a4c5e823891c75bc50380a6866f73 (DTS)
[00:17:14 DBG] uhd-bluray-web: Process transaction for guide CF 240770601cc226190c367ef59aba7463 (AAC)
[00:17:14 DBG] uhd-bluray-web: Process transaction for guide CF c2998bd0d90ed5621d8df281e839436e (DD)
[00:17:14 DBG] uhd-bluray-web: Process transaction for guide CF 493b6d1dbec3c3364c59d7607f7e3405 (HDR)
[00:17:14 DBG] uhd-bluray-web: Process transaction for guide CF 839bea857ed2c0a8e084f3cbdbd65ecb (x265 (no HDR/DV))
[00:17:14 DBG] uhd-bluray-web: Process transaction for guide CF b3b3a6ac74ecbd56bcdbefa4799fb9df (AMZN)
[00:17:14 DBG] uhd-bluray-web: Process transaction for guide CF df13ed57843877b21ad969184ab6888f (ATV)
[00:17:14 DBG] uhd-bluray-web: Process transaction for guide CF 40e9380490e748672c2522eaaeb692f7 (ATVP)
[00:17:14 DBG] uhd-bluray-web: Process transaction for guide CF cc5e51a9e85a6296ceefe097a77f12f4 (BCORE)
[00:17:14 DBG] uhd-bluray-web: Process transaction for guide CF 16622a6911d1ab5d5b8b713d5b0036d4 (CRiT)
[00:17:14 DBG] uhd-bluray-web: Process transaction for guide CF 84272245b2988854bfb76a16e60baea5 (DSNP)
[00:17:14 DBG] uhd-bluray-web: Process transaction for guide CF 509e5f41146e278f9eab1ddaceb34515 (HBO)
[00:17:14 DBG] uhd-bluray-web: Process transaction for guide CF 5763d1b0ce84aff3b21038eea8e9b8ad (HMAX)
[00:17:14 DBG] uhd-bluray-web: Process transaction for guide CF 526d445d4c16214309f0fd2b3be18a89 (Hulu)
[00:17:14 DBG] uhd-bluray-web: Process transaction for guide CF e0ec9672be6cac914ffad34a6b077209 (iT)
[00:17:14 DBG] uhd-bluray-web: Process transaction for guide CF 2a6039655313bf5dab1e43523b62c374 (MA)
[00:17:14 DBG] uhd-bluray-web: Process transaction for guide CF 6a061313d22e51e0f25b7cd4dc065233 (MAX)
[00:17:14 DBG] uhd-bluray-web: Process transaction for guide CF 170b1d363bd8516fbf3a3eb05d4faff6 (NF)
[00:17:14 DBG] uhd-bluray-web: Process transaction for guide CF c9fd353f8f5f1baf56dc601c4cb29920 (PCOK)
[00:17:14 DBG] uhd-bluray-web: Process transaction for guide CF e36a0ba1bc902b26ee40818a1d59b8bd (PMTP)
[00:17:14 DBG] uhd-bluray-web: Process transaction for guide CF 350e9170619683a55cb9191d0b1ababa (PLAY)
[00:17:14 DBG] uhd-bluray-web: Process transaction for guide CF 44c2b54d7c81c1a442a8b2cabeaef54f (ROKU)
[00:17:14 DBG] uhd-bluray-web: Process transaction for guide CF c2863d2a50c9acad1fb50e53ece60817 (STAN)
[00:17:14 DBG] uhd-bluray-web: Process transaction for guide CF b8cd450cbfa689c0259a01d9e29ba3d6 (3D)
[00:17:14 DBG] uhd-bluray-web: Process transaction for guide CF cae4ca30163749b891686f95532519bd (AV1)
[00:17:14 DBG] uhd-bluray-web: Process transaction for guide CF b6832f586342ef70d9c128d40c07b872 (Bad Dual Groups)
[00:17:14 DBG] uhd-bluray-web: Process transaction for guide CF cc444569854e9de0b084ab2b8b1532b2 (Black and White Editions)
[00:17:14 DBG] uhd-bluray-web: Process transaction for guide CF ed38b889b31be83fda192888e2286d83 (BR-DISK)
[00:17:14 DBG] uhd-bluray-web: Process transaction for guide CF 0a3f082873eb454bde444150b70253cc (Extras)
[00:17:14 DBG] uhd-bluray-web: Process transaction for guide CF e6886871085226c3da1830830146846c (Generated Dynamic HDR)
[00:17:14 DBG] uhd-bluray-web: Process transaction for guide CF c465ccc73923871b3eb1802042331306 (Line/Mic Dubbed)
[00:17:14 DBG] uhd-bluray-web: Process transaction for guide CF 90a6f9a284dff5103f6346090e6280c8 (LQ)
[00:17:14 DBG] uhd-bluray-web: Process transaction for guide CF e204b80c87be9497a8a6eaff48f72905 (LQ (Release Title))
[00:17:14 DBG] uhd-bluray-web: Process transaction for guide CF 712d74cd88bceb883ee32f773656b1f5 (Sing-Along Versions)
[00:17:14 DBG] uhd-bluray-web: Process transaction for guide CF bfd8eb01832d646a0a89c4deb46f8564 (Upscaled)
[00:17:14 DBG] uhd-bluray-web: Process transaction for guide CF 923b6abef9b17f937fab56cfcf89e1f1 (DV (w/o HDR fallback))
[00:17:14 DBG] uhd-bluray-web: Process transaction for guide CF 9c38ebb7384dada637be8899efa68e6f (SDR)
[00:17:14 INF] uhd-bluray-web: Skipped 57 Custom Formats that did not change
[00:17:14 DBG] uhd-bluray-web: Custom Formats Skipped: {"4d74ac4c4db0b64bff6ce0cffef99bf0":"UHD Bluray Tier 01","a58f517a70193f8e578056642178419d":"UHD Bluray Tier 02","e71939fae578037e7aed3ee219bbe7c1":"UHD Bluray Tier 03","c20f169ef63c5f40c2def54abaf4438e":"WEB Tier 01","403816d65392c79236dcb6dd591aeda4":"WEB Tier 02","af94e0fe497124d1f9ce732069ec8c3b":"WEB Tier 03","e7718d7a3ce595f289bfee26adc178f5":"Repack/Proper","ae43b294509409a6a13919dedd4764c4":"Repack2","5caaaa1c08c1742aa4342d8c4cc463f2":"Repack3","496f355514737f7d83bf7aa4d24f8169":"TrueHD ATMOS","2f22d89048b01681dde8afe203bf2e95":"DTS X","417804f7f2c4308c1f4c5d380d4c4475":"ATMOS (undefined)","1af239278386be2919e1bcee0bde047e":"DD+ ATMOS","3cafb66171b47f226146a0770576870f":"TrueHD","dcf3ec6938fa32445f590a4da84256cd":"DTS-HD MA","a570d4a0e56a2874b64e5bfa55202a1b":"FLAC","e7c2fcae07cbada050a0af3357491d7b":"PCM","8e109e50e0a0b83a5098b056e13bf6db":"DTS-HD HRA","185f1dd7264c4562b9022d963ac37424":"DD+","f9f847ac70a0af62ea4a08280b859636":"DTS-ES","1c1a4c5e823891c75bc50380a6866f73":"DTS","240770601cc226190c367ef59aba7463":"AAC","c2998bd0d90ed5621d8df281e839436e":"DD","493b6d1dbec3c3364c59d7607f7e3405":"HDR","839bea857ed2c0a8e084f3cbdbd65ecb":"x265 (no HDR/DV)","b3b3a6ac74ecbd56bcdbefa4799fb9df":"AMZN","df13ed57843877b21ad969184ab6888f":"ATV","40e9380490e748672c2522eaaeb692f7":"ATVP","cc5e51a9e85a6296ceefe097a77f12f4":"BCORE","16622a6911d1ab5d5b8b713d5b0036d4":"CRiT","84272245b2988854bfb76a16e60baea5":"DSNP","509e5f41146e278f9eab1ddaceb34515":"HBO","5763d1b0ce84aff3b21038eea8e9b8ad":"HMAX","526d445d4c16214309f0fd2b3be18a89":"Hulu","e0ec9672be6cac914ffad34a6b077209":"iT","2a6039655313bf5dab1e43523b62c374":"MA","6a061313d22e51e0f25b7cd4dc065233":"MAX","170b1d363bd8516fbf3a3eb05d4faff6":"NF","c9fd353f8f5f1baf56dc601c4cb29920":"PCOK","e36a0ba1bc902b26ee40818a1d59b8bd":"PMTP","350e9170619683a55cb9191d0b1ababa":"PLAY","44c2b54d7c81c1a442a8b2cabeaef54f":"ROKU","c2863d2a50c9acad1fb50e53ece60817":"STAN","b8cd450cbfa689c0259a01d9e29ba3d6":"3D","cae4ca30163749b891686f95532519bd":"AV1","b6832f586342ef70d9c128d40c07b872":"Bad Dual Groups","cc444569854e9de0b084ab2b8b1532b2":"Black and White Editions","ed38b889b31be83fda192888e2286d83":"BR-DISK","0a3f082873eb454bde444150b70253cc":"Extras","e6886871085226c3da1830830146846c":"Generated Dynamic HDR","c465ccc73923871b3eb1802042331306":"Line/Mic Dubbed","90a6f9a284dff5103f6346090e6280c8":"LQ","e204b80c87be9497a8a6eaff48f72905":"LQ (Release Title)","712d74cd88bceb883ee32f773656b1f5":"Sing-Along Versions","bfd8eb01832d646a0a89c4deb46f8564":"Upscaled","923b6abef9b17f937fab56cfcf89e1f1":"DV (w/o HDR fallback)","9c38ebb7384dada637be8899efa68e6f":"SDR"}
[00:17:14 INF] uhd-bluray-web: All custom formats are already up to date!
[00:17:14 DBG] uhd-bluray-web: Saving Custom Format State to path /config/state/radarr/7de96ad84fa57af3/custom-format-mappings.json
[00:17:14 DBG] uhd-bluray-web: Pipeline CustomFormat result: Completed
[00:17:14 DBG] uhd-bluray-web: Executing Pipeline: Quality Definition
[00:17:14 DBG] uhd-bluray-web: HTTP Request: GET http://REDACTED:7878/api/v3/qualitydefinition
[00:17:14 DBG] uhd-bluray-web: HTTP Response: 200 GET http://REDACTED:7878/api/v3/qualitydefinition
[00:17:14 DBG] uhd-bluray-web: Processed Quality HDTV-720p: [IsDifferent: False] [Min: 17.1, 17.1] [Max: null, 2000 (2000)] [Preferred: null, 1999 (1999)]
[00:17:14 DBG] uhd-bluray-web: Processed Quality WEBDL-720p: [IsDifferent: False] [Min: 12.5, 12.5] [Max: null, 2000 (2000)] [Preferred: null, 1999 (1999)]
[00:17:14 DBG] uhd-bluray-web: Processed Quality WEBRip-720p: [IsDifferent: False] [Min: 12.5, 12.5] [Max: null, 2000 (2000)] [Preferred: null, 1999 (1999)]
[00:17:14 DBG] uhd-bluray-web: Processed Quality Bluray-720p: [IsDifferent: False] [Min: 25.7, 25.7] [Max: null, 2000 (2000)] [Preferred: null, 1999 (1999)]
[00:17:14 DBG] uhd-bluray-web: Processed Quality HDTV-1080p: [IsDifferent: False] [Min: 33.8, 33.8] [Max: null, 2000 (2000)] [Preferred: null, 1999 (1999)]
[00:17:14 DBG] uhd-bluray-web: Processed Quality WEBDL-1080p: [IsDifferent: False] [Min: 12.5, 12.5] [Max: null, 2000 (2000)] [Preferred: null, 1999 (1999)]
[00:17:14 DBG] uhd-bluray-web: Processed Quality WEBRip-1080p: [IsDifferent: False] [Min: 12.5, 12.5] [Max: null, 2000 (2000)] [Preferred: null, 1999 (1999)]
[00:17:14 DBG] uhd-bluray-web: Processed Quality Bluray-1080p: [IsDifferent: False] [Min: 50.8, 50.8] [Max: null, 2000 (2000)] [Preferred: null, 1999 (1999)]
[00:17:14 DBG] uhd-bluray-web: Processed Quality Remux-1080p: [IsDifferent: False] [Min: 102, 102] [Max: null, 2000 (2000)] [Preferred: null, 1999 (1999)]
[00:17:14 DBG] uhd-bluray-web: Processed Quality HDTV-2160p: [IsDifferent: False] [Min: 85, 85] [Max: null, 2000 (2000)] [Preferred: null, 1999 (1999)]
[00:17:14 DBG] uhd-bluray-web: Processed Quality WEBDL-2160p: [IsDifferent: False] [Min: 34.5, 34.5] [Max: null, 2000 (2000)] [Preferred: null, 1999 (1999)]
[00:17:14 DBG] uhd-bluray-web: Processed Quality WEBRip-2160p: [IsDifferent: False] [Min: 34.5, 34.5] [Max: null, 2000 (2000)] [Preferred: null, 1999 (1999)]
[00:17:14 DBG] uhd-bluray-web: Processed Quality Bluray-2160p: [IsDifferent: False] [Min: 102, 102] [Max: null, 2000 (2000)] [Preferred: null, 1999 (1999)]
[00:17:14 DBG] uhd-bluray-web: Processed Quality Remux-2160p: [IsDifferent: False] [Min: 187.4, 187.4] [Max: null, 2000 (2000)] [Preferred: null, 1999 (1999)]
[00:17:14 INF] uhd-bluray-web: All sizes for quality definition movie are already up to date!
[00:17:14 DBG] uhd-bluray-web: Pipeline QualitySize result: Completed
[00:17:14 DBG] uhd-bluray-web: Executing Pipeline: Media Naming
[00:17:14 DBG] uhd-bluray-web: Pipeline MediaNaming result: Completed
[00:17:14 DBG] uhd-bluray-web: Executing Pipeline: Media Management
[00:17:14 DBG] uhd-bluray-web: Pipeline MediaManagement result: Completed
[00:17:14 DBG] uhd-bluray-web: Executing Pipeline: Quality Profile
[00:17:14 DBG] uhd-bluray-web: HTTP Request: GET http://REDACTED:7878/api/v3/qualityprofile
[00:17:14 DBG] uhd-bluray-web: HTTP Request: GET http://REDACTED:7878/api/v3/qualityprofile/schema
[00:17:14 DBG] uhd-bluray-web: HTTP Request: GET http://REDACTED:7878/api/v3/language
[00:17:14 DBG] uhd-bluray-web: HTTP Response: 200 GET http://REDACTED:7878/api/v3/qualityprofile
[00:17:14 DBG] uhd-bluray-web: HTTP Response: 200 GET http://REDACTED:7878/api/v3/qualityprofile/schema
[00:17:14 DBG] uhd-bluray-web: HTTP Response: 200 GET http://REDACTED:7878/api/v3/language
[00:17:14 DBG] uhd-bluray-web: Loading Quality Profile State from path: /config/state/radarr/7de96ad84fa57af3/quality-profile-mappings.json
[00:17:14 DBG] uhd-bluray-web: Pass 1: guide QP 64fb5f9858489bdac2af690e27c8f42f (UHD Bluray + WEB), exact cached ID: 7
[00:17:14 DBG] uhd-bluray-web: Updates for profile UHD Bluray + WEB
[00:17:14 DBG] uhd-bluray-web: Name: UHD Bluray + WEB -> UHD Bluray + WEB
[00:17:14 DBG] uhd-bluray-web: Upgrade Allowed: True -> True
[00:17:14 DBG] uhd-bluray-web: Cutoff: Bluray-2160p -> Bluray-2160p
[00:17:14 DBG] uhd-bluray-web: Cutoff Score: 10000 -> 10000
[00:17:14 DBG] uhd-bluray-web: Minimum Score: 0 -> 0
[00:17:14 DBG] uhd-bluray-web: Minimum Upgrade Score: 1 -> 1
[00:17:14 DBG] uhd-bluray-web: Saving Quality Profile State to path /config/state/radarr/7de96ad84fa57af3/quality-profile-mappings.json
[00:17:14 DBG] uhd-bluray-web: These profiles have no changes and will not be persisted: ["UHD Bluray + WEB"]
[00:17:14 INF] uhd-bluray-web: All quality profiles are up to date!
[00:17:14 DBG] uhd-bluray-web: Pipeline QualityProfile result: Completed
[00:17:14 INF] uhd-bluray-web: Completed at 06/21/2026 00:17:14
[00:17:14 DBG] CfGroup: Querying Sonarr CF groups
[00:17:14 DBG] CfGroup: Found 38 CF group files in registry
[00:17:14 DBG] CfGroup: Retrieved 38 Sonarr CF groups
[00:17:14 DBG] QualityProfile: Querying Sonarr quality profiles
[00:17:14 DBG] QualityProfile: Found 19 quality profile files in registry
[00:17:14 DBG] QualityProfile: Retrieved 19 Sonarr quality profiles
[00:17:14 INF] web-2160p: Processing Sonarr server web-2160p
[00:17:14 DBG] web-2160p: HTTP Request: GET http://REDACTED:8989/api/v3/system/status
[00:17:14 DBG] web-2160p: HTTP Response: 200 GET http://REDACTED:8989/api/v3/system/status
[00:17:14 DBG] web-2160p: Sonarr Version: 4.0.17.2952
[00:17:14 DBG] web-2160p: Running plan component: CustomFormatPlanComponent
[00:17:14 DBG] web-2160p: CustomFormat: Querying Sonarr custom formats
[00:17:14 DBG] web-2160p: CustomFormat: Found 235 CF files in registry
[00:17:14 DBG] web-2160p: CustomFormat: Retrieved 235 Sonarr custom formats
[00:17:14 DBG] web-2160p: QualityProfile: Querying Sonarr quality profiles
[00:17:14 DBG] web-2160p: QualityProfile: Found 19 quality profile files in registry
[00:17:14 DBG] web-2160p: QualityProfile: Retrieved 19 Sonarr quality profiles
[00:17:14 DBG] web-2160p: CfGroup: Querying Sonarr CF groups
[00:17:14 DBG] web-2160p: CfGroup: Found 38 CF group files in registry
[00:17:14 DBG] web-2160p: CfGroup: Retrieved 38 Sonarr CF groups
[00:17:14 DBG] web-2160p: Auto-syncing default CF group [HDR Formats] HDR for profiles: WEB-2160p
[00:17:14 DBG] web-2160p: Auto-syncing default CF group [Optional] Golden Rule UHD for profiles: WEB-2160p
[00:17:14 DBG] web-2160p: Auto-syncing default CF group [Optional] Language Profiles for profiles: WEB-2160p
[00:17:14 DBG] web-2160p: Auto-syncing default CF group [Streaming Services] General for profiles: WEB-2160p
[00:17:14 DBG] web-2160p: Auto-syncing default CF group [Streaming Services] HD/UHD boost for profiles: WEB-2160p
[00:17:14 DBG] web-2160p: Auto-syncing default CF group [Unwanted] Unwanted Formats for profiles: WEB-2160p
[00:17:14 DBG] web-2160p: Running plan component: QualityProfilePlanComponent
[00:17:14 DBG] web-2160p: Planning quality profiles for Sonarr web-2160p: 1 profiles
[00:17:14 DBG] web-2160p:   Profile : TrashId=d1498e7d189fbe6c7110ceaabb7473e6, MinUpgradeFormatScore=null
[00:17:14 DBG] web-2160p: QualityProfile: Querying Sonarr quality profiles
[00:17:14 DBG] web-2160p: QualityProfile: Found 19 quality profile files in registry
[00:17:14 DBG] web-2160p: QualityProfile: Retrieved 19 Sonarr quality profiles
[00:17:14 DBG] web-2160p: Running plan component: QualitySizePlanComponent
[00:17:14 DBG] web-2160p: QualitySize: Querying Sonarr quality sizes
[00:17:14 DBG] web-2160p: QualitySize: Found 2 quality size files in registry
[00:17:14 DBG] web-2160p: QualitySize: Retrieved 2 Sonarr quality size definitions
[00:17:14 DBG] web-2160p: Running plan component: MediaNamingPlanComponent
[00:17:14 DBG] web-2160p: MediaNaming: Querying Sonarr naming conventions
[00:17:14 DBG] web-2160p: MediaNaming: Found 1 naming files in registry
[00:17:14 DBG] web-2160p: MediaNaming: Retrieved 1 season, 6 series, 1 anime, 2 daily, 3 standard formats
[00:17:14 DBG] web-2160p: Running plan component: MediaManagementPlanComponent
[00:17:14 DBG] web-2160p: Pipeline execution order: CustomFormat -> QualitySize -> MediaNaming -> MediaManagement -> QualityProfile
[00:17:14 DBG] web-2160p: Executing Pipeline: Custom Format
[00:17:14 DBG] web-2160p: Loading Custom Format State from path: /config/state/sonarr/baa8de56199cb645/custom-format-mappings.json
[00:17:14 DBG] web-2160p: HTTP Request: GET http://REDACTED:8989/api/v3/customformat
[00:17:14 DBG] web-2160p: HTTP Response: 200 GET http://REDACTED:8989/api/v3/customformat
[00:17:14 DBG] web-2160p: Process transaction for guide CF ec8fa7296b64e8cd390a1600981f3923 (Repack/Proper)
[00:17:14 DBG] web-2160p: Process transaction for guide CF eb3d5cc0a2be0db205fb823640db6a3c (Repack2)
[00:17:14 DBG] web-2160p: Process transaction for guide CF 44e7c4de10ae50265753082e5dc76047 (Repack3)
[00:17:14 DBG] web-2160p: Process transaction for guide CF e6258996055b9fbab7e9cb2f75819294 (WEB Tier 01)
[00:17:14 DBG] web-2160p: Process transaction for guide CF 58790d4e2fdcd9733aa7ae68ba2bb503 (WEB Tier 02)
[00:17:14 DBG] web-2160p: Process transaction for guide CF d84935abd3f8556dcd51d4f27e22d0a6 (WEB Tier 03)
[00:17:14 DBG] web-2160p: Process transaction for guide CF d0c516558625b04b363fa6c5c2c7cfd4 (WEB Scene)
[00:17:14 DBG] web-2160p: Process transaction for guide CF 505d871304820ba7106b693be6fe4a9e (HDR)
[00:17:14 DBG] web-2160p: Process transaction for guide CF 9b64dff695c2115facf1b6ea59c9bd07 (x265 (no HDR/DV))
[00:17:14 DBG] web-2160p: Process transaction for guide CF ae575f95ab639ba5d15f663bf019e3e8 (Language: Not Original)
[00:17:14 DBG] web-2160p: Process transaction for guide CF d660701077794679fd59e8bdf4ce3a29 (AMZN)
[00:17:14 DBG] web-2160p: Process transaction for guide CF d9e511921c8cedc7282e291b0209cdc5 (ATV)
[00:17:14 DBG] web-2160p: Process transaction for guide CF f67c9ca88f463a48346062e8ad07713f (ATVP)
[00:17:14 DBG] web-2160p: Process transaction for guide CF 77a7b25585c18af08f60b1547bb9b4fb (CC)
[00:17:14 DBG] web-2160p: Process transaction for guide CF 36b72f59f4ea20aad9316f475f2d9fbb (DCU)
[00:17:14 DBG] web-2160p: Process transaction for guide CF 89358767a60cc28783cdc3d0be9388a4 (DSNP)
[00:17:14 DBG] web-2160p: Process transaction for guide CF 7a235133c87f7da4c8cccceca7e3c7a6 (HBO)
[00:17:14 DBG] web-2160p: Process transaction for guide CF a880d6abc21e7c16884f3ae393f84179 (HMAX)
[00:17:14 DBG] web-2160p: Process transaction for guide CF f6cce30f1733d5c8194222a7507909bb (HULU)
[00:17:14 DBG] web-2160p: Process transaction for guide CF 0ac24a2a68a9700bcb7eeca8e5cd644c (iT)
[00:17:14 DBG] web-2160p: Process transaction for guide CF 81d1fbf600e2540cee87f3a23f9d3c1c (MAX)
[00:17:14 DBG] web-2160p: Process transaction for guide CF d34870697c9db575f17700212167be23 (NF)
[00:17:14 DBG] web-2160p: Process transaction for guide CF 1656adc6d7bb2c8cca6acfb6592db421 (PCOK)
[00:17:14 DBG] web-2160p: Process transaction for guide CF c67a75ae4a1715f2bb4d492755ba4195 (PMTP)
[00:17:14 DBG] web-2160p: Process transaction for guide CF 6eb71887a8db6e783dd398446eb0e65d (PLAY)
[00:17:14 DBG] web-2160p: Process transaction for guide CF da393fd4e2c0cce7c9dc2669c43e0593 (ROKU)
[00:17:14 DBG] web-2160p: Process transaction for guide CF ae58039e1319178e6be73caab5c42166 (SHO)
[00:17:14 DBG] web-2160p: Process transaction for guide CF 1efe8da11bfd74fbbcd4d8117ddb9213 (STAN)
[00:17:14 DBG] web-2160p: Process transaction for guide CF 9623c5c9cac8e939c1b9aedd32f640bf (SYFY)
[00:17:14 DBG] web-2160p: Process transaction for guide CF 218e93e5702f44a68ad9e3c6ba87d2f0 (HD Streaming Boost)
[00:17:14 DBG] web-2160p: Process transaction for guide CF 43b3cf48cb385cd3eac608ee6bca7f09 (UHD Streaming Boost)
[00:17:14 DBG] web-2160p: Process transaction for guide CF 15a05bc7c1a36e2b57fd628f8977e2fc (AV1)
[00:17:14 DBG] web-2160p: Process transaction for guide CF 32b367365729d530ca1c124a0b180c64 (Bad Dual Groups)
[00:17:14 DBG] web-2160p: Process transaction for guide CF 85c61753df5da1fb2aab6f2a47426b09 (BR-DISK)
[00:17:14 DBG] web-2160p: Process transaction for guide CF fbcb31d8dabd2a319072b84fc0b7249c (Extras)
[00:17:14 DBG] web-2160p: Process transaction for guide CF 9c11cd3f07101cdba90a2d81cf0e56b4 (LQ)
[00:17:14 DBG] web-2160p: Process transaction for guide CF e2315f990da2e2cbfc9fa5b7a6fcfe48 (LQ (Release Title))
[00:17:14 DBG] web-2160p: Process transaction for guide CF 23297a736ca77c0fc8e70f8edd7ee56c (Upscaled)
[00:17:14 DBG] web-2160p: Process transaction for guide CF 9b27ab6498ec0f31a3353992e19434ca (DV (w/o HDR fallback))
[00:17:14 DBG] web-2160p: Process transaction for guide CF 2016d1676f5ee13a5b7257ff86ac9a93 (SDR)
[00:17:14 INF] web-2160p: Skipped 40 Custom Formats that did not change
[00:17:14 DBG] web-2160p: Custom Formats Skipped: {"ec8fa7296b64e8cd390a1600981f3923":"Repack/Proper","eb3d5cc0a2be0db205fb823640db6a3c":"Repack2","44e7c4de10ae50265753082e5dc76047":"Repack3","e6258996055b9fbab7e9cb2f75819294":"WEB Tier 01","58790d4e2fdcd9733aa7ae68ba2bb503":"WEB Tier 02","d84935abd3f8556dcd51d4f27e22d0a6":"WEB Tier 03","d0c516558625b04b363fa6c5c2c7cfd4":"WEB Scene","505d871304820ba7106b693be6fe4a9e":"HDR","9b64dff695c2115facf1b6ea59c9bd07":"x265 (no HDR/DV)","ae575f95ab639ba5d15f663bf019e3e8":"Language: Not Original","d660701077794679fd59e8bdf4ce3a29":"AMZN","d9e511921c8cedc7282e291b0209cdc5":"ATV","f67c9ca88f463a48346062e8ad07713f":"ATVP","77a7b25585c18af08f60b1547bb9b4fb":"CC","36b72f59f4ea20aad9316f475f2d9fbb":"DCU","89358767a60cc28783cdc3d0be9388a4":"DSNP","7a235133c87f7da4c8cccceca7e3c7a6":"HBO","a880d6abc21e7c16884f3ae393f84179":"HMAX","f6cce30f1733d5c8194222a7507909bb":"HULU","0ac24a2a68a9700bcb7eeca8e5cd644c":"iT","81d1fbf600e2540cee87f3a23f9d3c1c":"MAX","d34870697c9db575f17700212167be23":"NF","1656adc6d7bb2c8cca6acfb6592db421":"PCOK","c67a75ae4a1715f2bb4d492755ba4195":"PMTP","6eb71887a8db6e783dd398446eb0e65d":"PLAY","da393fd4e2c0cce7c9dc2669c43e0593":"ROKU","ae58039e1319178e6be73caab5c42166":"SHO","1efe8da11bfd74fbbcd4d8117ddb9213":"STAN","9623c5c9cac8e939c1b9aedd32f640bf":"SYFY","218e93e5702f44a68ad9e3c6ba87d2f0":"HD Streaming Boost","43b3cf48cb385cd3eac608ee6bca7f09":"UHD Streaming Boost","15a05bc7c1a36e2b57fd628f8977e2fc":"AV1","32b367365729d530ca1c124a0b180c64":"Bad Dual Groups","85c61753df5da1fb2aab6f2a47426b09":"BR-DISK","fbcb31d8dabd2a319072b84fc0b7249c":"Extras","9c11cd3f07101cdba90a2d81cf0e56b4":"LQ","e2315f990da2e2cbfc9fa5b7a6fcfe48":"LQ (Release Title)","23297a736ca77c0fc8e70f8edd7ee56c":"Upscaled","9b27ab6498ec0f31a3353992e19434ca":"DV (w/o HDR fallback)","2016d1676f5ee13a5b7257ff86ac9a93":"SDR"}
[00:17:14 INF] web-2160p: All custom formats are already up to date!
[00:17:14 DBG] web-2160p: Saving Custom Format State to path /config/state/sonarr/baa8de56199cb645/custom-format-mappings.json
[00:17:14 DBG] web-2160p: Pipeline CustomFormat result: Completed
[00:17:14 DBG] web-2160p: Executing Pipeline: Quality Definition
[00:17:14 DBG] web-2160p: HTTP Request: GET http://REDACTED:8989/api/v3/qualitydefinition
[00:17:14 DBG] web-2160p: HTTP Response: 200 GET http://REDACTED:8989/api/v3/qualitydefinition
[00:17:14 DBG] web-2160p: Processed Quality HDTV-720p: [IsDifferent: False] [Min: 10, 10] [Max: null, 1000 (1000)] [Preferred: null, 995 (995)]
[00:17:14 DBG] web-2160p: Processed Quality HDTV-1080p: [IsDifferent: False] [Min: 15, 15] [Max: null, 1000 (1000)] [Preferred: null, 995 (995)]
[00:17:14 DBG] web-2160p: Processed Quality WEBRip-720p: [IsDifferent: False] [Min: 10, 10] [Max: null, 1000 (1000)] [Preferred: null, 995 (995)]
[00:17:14 DBG] web-2160p: Processed Quality WEBDL-720p: [IsDifferent: False] [Min: 10, 10] [Max: null, 1000 (1000)] [Preferred: null, 995 (995)]
[00:17:14 DBG] web-2160p: Processed Quality Bluray-720p: [IsDifferent: False] [Min: 17.1, 17.1] [Max: null, 1000 (1000)] [Preferred: null, 995 (995)]
[00:17:14 DBG] web-2160p: Processed Quality WEBRip-1080p: [IsDifferent: False] [Min: 15, 15] [Max: null, 1000 (1000)] [Preferred: null, 995 (995)]
[00:17:14 DBG] web-2160p: Processed Quality WEBDL-1080p: [IsDifferent: False] [Min: 15, 15] [Max: null, 1000 (1000)] [Preferred: null, 995 (995)]
[00:17:14 DBG] web-2160p: Processed Quality Bluray-1080p: [IsDifferent: False] [Min: 50.4, 50.4] [Max: null, 1000 (1000)] [Preferred: null, 995 (995)]
[00:17:14 DBG] web-2160p: Processed Quality Bluray-1080p Remux: [IsDifferent: False] [Min: 69.1, 69.1] [Max: null, 1000 (1000)] [Preferred: null, 995 (995)]
[00:17:14 DBG] web-2160p: Processed Quality HDTV-2160p: [IsDifferent: False] [Min: 25, 25] [Max: null, 1000 (1000)] [Preferred: null, 995 (995)]
[00:17:14 DBG] web-2160p: Processed Quality WEBRip-2160p: [IsDifferent: False] [Min: 25, 25] [Max: null, 1000 (1000)] [Preferred: null, 995 (995)]
[00:17:14 DBG] web-2160p: Processed Quality WEBDL-2160p: [IsDifferent: False] [Min: 25, 25] [Max: null, 1000 (1000)] [Preferred: null, 995 (995)]
[00:17:14 DBG] web-2160p: Processed Quality Bluray-2160p: [IsDifferent: False] [Min: 94.6, 94.6] [Max: null, 1000 (1000)] [Preferred: null, 995 (995)]
[00:17:14 DBG] web-2160p: Processed Quality Bluray-2160p Remux: [IsDifferent: False] [Min: 187.4, 187.4] [Max: null, 1000 (1000)] [Preferred: null, 995 (995)]
[00:17:14 INF] web-2160p: All sizes for quality definition series are already up to date!
[00:17:14 DBG] web-2160p: Pipeline QualitySize result: Completed
[00:17:14 DBG] web-2160p: Executing Pipeline: Media Naming
[00:17:14 DBG] web-2160p: Pipeline MediaNaming result: Completed
[00:17:14 DBG] web-2160p: Executing Pipeline: Media Management
[00:17:14 DBG] web-2160p: Pipeline MediaManagement result: Completed
[00:17:14 DBG] web-2160p: Executing Pipeline: Quality Profile
[00:17:14 DBG] web-2160p: HTTP Request: GET http://REDACTED:8989/api/v3/qualityprofile
[00:17:14 DBG] web-2160p: HTTP Request: GET http://REDACTED:8989/api/v3/qualityprofile/schema
[00:17:14 DBG] web-2160p: HTTP Request: GET http://REDACTED:8989/api/v3/language
[00:17:14 DBG] web-2160p: HTTP Response: 200 GET http://REDACTED:8989/api/v3/language
[00:17:14 DBG] web-2160p: HTTP Response: 200 GET http://REDACTED:8989/api/v3/qualityprofile/schema
[00:17:14 DBG] web-2160p: HTTP Response: 200 GET http://REDACTED:8989/api/v3/qualityprofile
[00:17:14 DBG] web-2160p: Loading Quality Profile State from path: /config/state/sonarr/baa8de56199cb645/quality-profile-mappings.json
[00:17:14 DBG] web-2160p: Pass 1: guide QP d1498e7d189fbe6c7110ceaabb7473e6 (WEB-2160p), exact cached ID: 7
[00:17:14 DBG] web-2160p: Updates for profile WEB-2160p
[00:17:14 DBG] web-2160p: Name: WEB-2160p -> WEB-2160p
[00:17:14 DBG] web-2160p: Upgrade Allowed: True -> True
[00:17:14 DBG] web-2160p: Cutoff: WEB 2160p -> WEB 2160p
[00:17:14 DBG] web-2160p: Cutoff Score: 10000 -> 10000
[00:17:14 DBG] web-2160p: Minimum Score: 0 -> 0
[00:17:14 DBG] web-2160p: Minimum Upgrade Score: 1 -> 1
[00:17:14 DBG] web-2160p: Saving Quality Profile State to path /config/state/sonarr/baa8de56199cb645/quality-profile-mappings.json
[00:17:14 DBG] web-2160p: These profiles have no changes and will not be persisted: ["WEB-2160p"]
[00:17:14 INF] web-2160p: All quality profiles are up to date!
[00:17:14 DBG] web-2160p: Pipeline QualityProfile result: Completed
[00:17:14 INF] web-2160p: Completed at 06/21/2026 00:17:14
[00:17:14 DBG] Cleaning up logs using max files of 20
