[00:20:11 DBG] Recyclarr Version: 8.3.2+Branch.master.Sha.fc0c22a607bee044f242f84adf25ca1c284126a5
[00:20:11 DBG] App Data Dir: /config
[00:20:11 INF] Initializing provider: official (type: trash-guides)
[00:20:11 DBG] Using URL: https://github.com/TRaSH-Guides/Guides.git, Refs: ["master","main"]
[00:20:11 DBG] Executing git command with args: ["status"]
[00:20:11 DBG] Command Output: On branch master
nothing to commit, working tree clean
[00:20:11 DBG] Attempting to fetch reference: master
[00:20:11 DBG] Executing git command with args: ["fetch","--depth","1","https://github.com/TRaSH-Guides/Guides.git","master"]
[00:20:11 DBG] Command Output: 
[00:20:11 DBG] Successfully fetched reference: master
[00:20:11 DBG] Executing git command with args: ["reset","--hard","FETCH_HEAD"]
[00:20:11 DBG] Command Output: HEAD is now at ef6e5ea feat(radarr): Add RlsGrp `RBB` to `LQ` due to cam and microsized releases (#2779)
[00:20:11 DBG] MapResourcePaths called for provider official at /config/resources/trash-guides/git/official
[00:20:11 DBG] Provider official: GlobJsonFiles received 1 paths
[00:20:11 DBG] Provider official: Checking docs/json/radarr/cf (Exists: True)
[00:20:11 DBG] Provider official: Found 240 files in docs/json/radarr/cf
[00:20:11 DBG] Provider official: GlobJsonFiles received 1 paths
[00:20:11 DBG] Provider official: Checking docs/json/radarr/quality-size (Exists: True)
[00:20:11 DBG] Provider official: Found 4 files in docs/json/radarr/quality-size
[00:20:11 DBG] Provider official: GlobJsonFiles received 1 paths
[00:20:11 DBG] Provider official: Checking docs/json/radarr/naming (Exists: True)
[00:20:11 DBG] Provider official: Found 1 files in docs/json/radarr/naming
[00:20:11 DBG] Provider official: GlobJsonFiles received 1 paths
[00:20:11 DBG] Provider official: Checking docs/json/sonarr/cf (Exists: True)
[00:20:11 DBG] Provider official: Found 235 files in docs/json/sonarr/cf
[00:20:11 DBG] Provider official: GlobJsonFiles received 1 paths
[00:20:11 DBG] Provider official: Checking docs/json/sonarr/quality-size (Exists: True)
[00:20:11 DBG] Provider official: Found 2 files in docs/json/sonarr/quality-size
[00:20:11 DBG] Provider official: GlobJsonFiles received 1 paths
[00:20:11 DBG] Provider official: Checking docs/json/sonarr/naming (Exists: True)
[00:20:11 DBG] Provider official: Found 1 files in docs/json/sonarr/naming
[00:20:11 DBG] Provider official: GlobJsonFiles received 1 paths
[00:20:11 DBG] Provider official: Checking docs/json/radarr/cf-groups (Exists: True)
[00:20:11 DBG] Provider official: Found 40 files in docs/json/radarr/cf-groups
[00:20:11 DBG] Provider official: GlobJsonFiles received 1 paths
[00:20:11 DBG] Provider official: Checking docs/json/sonarr/cf-groups (Exists: True)
[00:20:11 DBG] Provider official: Found 38 files in docs/json/sonarr/cf-groups
[00:20:11 DBG] Provider official: GlobJsonFiles received 1 paths
[00:20:11 DBG] Provider official: Checking docs/json/radarr/quality-profiles (Exists: True)
[00:20:11 DBG] Provider official: Found 36 files in docs/json/radarr/quality-profiles
[00:20:11 DBG] Provider official: GlobJsonFiles received 1 paths
[00:20:11 DBG] Provider official: Checking docs/json/sonarr/quality-profiles (Exists: True)
[00:20:11 DBG] Provider official: Found 19 files in docs/json/sonarr/quality-profiles
[00:20:11 INF] Initializing provider: official (type: config-templates)
[00:20:11 DBG] Using URL: https://github.com/recyclarr/config-templates.git, Refs: ["v8","master","main"]
[00:20:11 DBG] Executing git command with args: ["status"]
[00:20:11 DBG] Command Output: On branch master
nothing to commit, working tree clean
[00:20:11 DBG] Attempting to fetch reference: v8
[00:20:11 DBG] Executing git command with args: ["fetch","--depth","1","https://github.com/recyclarr/config-templates.git","v8"]
[00:20:12 DBG] Command Output: 
[00:20:12 DBG] Successfully fetched reference: v8
[00:20:12 DBG] Executing git command with args: ["reset","--hard","FETCH_HEAD"]
[00:20:12 DBG] Command Output: HEAD is now at bb642fe chore: remove repo-local mise.toml
[00:20:12 DBG] QualityProfile: Querying Radarr quality profiles
[00:20:12 DBG] QualityProfile: Found 36 quality profile files in registry
[00:20:12 DBG] QualityProfile: Retrieved 36 Radarr quality profiles
[00:20:12 DBG] Found 36 quality profiles for Radarr
[00:20:12 DBG] Cleaning up logs using max files of 20
